 
 
*               * * * * * * * * * * * * * * * * * * * * * * * *                 
*               *                                             *                 
*               *    Program:  LaGriT V3.3.3   Linux          *                 
*               *    Date Compile: 2023/12/20                 *                 
*               *    Run Time: 2023/Dec 21  11:15:21          *                 
*               *    Manual:   https://lagrit.lanl.gov        *                 
*               *                                             *                 
*               * * * * * * * * * * * * * * * * * * * * * * * *                 
 
                               -----oOo-----                                    
             LaGriT V3 LA-CC-15-069  https://github.com/lanl/LaGriT             
  Copyright 2016. Triad National Security, LLC.  All rights reserved. This      
  program was produced under U.S. Government contract 89233218CNA000001         
  for Los Alamos National Laboratory (LANL), which is operated by Triad         
  National Security, LLC for the U.S. Department of Energy/National Nuclear     
  Security Administration.  All rights in the program are reserved by Triad     
  National Security, LLC, and the U.S. Department of Energy/National Nuclear    
  Security Administration. The Government is granted for itself and others      
  acting on its behalf a nonexclusive, paid-up, irrevocable worldwide license   
  in this material to reproduce, prepare derivative works, distribute copies    
  to the public, perform publicly and display publicly, and to permit others to 
  do so. This software is open source and available under the BSD-3 License.    
                               -----oOo-----                                    
 
 
Output log file: lagrit.out                                                     
Command log file: lagrit.log                                                    
 
* 3x4 node                                                                      
cmo delete mohex                                                                
Mesh Object release skipped, it does not exist: mohex                           
cmo/create/mohex                                                                
createpts/xyz/3 4 2/0. 0. 0./1. 1. 1./1 1 1                                     
  RZ GENERATED POINTS                    1 TO                   24              
cmo/setatt/mohex/imt/1 0 0/1                                                    
Warning: nelements = 0                                                          
        24 values reset for attribute imt1                                      
 
connect                                                                         
 Coordinates of enclosing tetrahedron are:                                      
          -0.20000D+01   -0.75000D+00   -0.75000D+00                            
           0.50000D+00   -0.75000D+00    0.42500D+01                            
           0.30000D+01   -0.75000D+00   -0.75000D+00                            
           0.50000D+00    0.42500D+01    0.50000D+00                            
 
 Successfully eliminated all multimaterial connections.                         
 
 The mesh is now complete!                                                      
 
LaGriT FINISH: connect                                                          
 
rmpoint compress                                                                
         0 points removed and          0 elements removed.                      
RMPOINT: new point count is           24                                        
RMPOINT: new element count is         36                                        
resetpts/itp                                                                    
geniee                                                                          
finish                                                                          
dump avs tmp_hex_3x4m.inp mohex 1 1 0 0                                         
cmo/modatt/-def-/-def-/ioflag/x                                                 
finish                                                                          
quality                                                                         
 
epsilonl, epsilonaspect:   3.8459254E-13  5.6885628E-38                         
--------------------------------------------                                    
elements with aspect ratio < .01:                    0                          
elements with aspect ratio b/w .01 and .02:          0                          
elements with aspect ratio b/w .02 and .05:          0                          
elements with aspect ratio b/w .05 and .1 :          0                          
elements with aspect ratio b/w .1  and .2 :          0                          
elements with aspect ratio b/w .2  and .5 :         12                          
elements with aspect ratio b/w .5  and 1. :         24                          
min aspect ratio =  0.4946E+00  max aspect ratio =  0.5279E+00                  
 
epsilonvol:   2.2204460E-13                                                     
---------------------------------------                                         
All elements have volume  2.7777778E-02                                         
-----------------------------------------------------------                     
        36 total elements evaluated.                                            
 
cmo/setatt/mohex idebug 5                                                       
         1 values reset for attribute idebug                                    
 
*****************                                                               
dump/stor/out_hex_3x4/mohex                                                     
dump/stor      out_hex_3x4 options set to:                                      
      ascii  scalar  all  delatt  -notset-  nohybrid                            
 
*** Construct and Compress Sparse Matrix:3D ***                                 
   *** Compress Area Coefficient Values ***                                     
 
AMatbld3d_stor: Matrix compress_eps:  0.1000000E-07                             
AMatbld3d_stor: Local epsilon:  0.1000000E-14                                   
 
AMatbld3d_stor                                                                  
  cmo name         : mohex                                                      
  file name        : out_hex_3x4                                                
  file type option:     2 fehm ascii                                            
  compress option :     1                                                       
  coef option     :     1                                                       
 
>> AMatbld3d_stor: initialize3ddiffusionmat                                     
 >>  neq and ntets:                    24                   36                  
 >>  compress_eps:    9.9999999392252903E-009                                   
AMatbld3d_stor: check incident tets                                             
AMatbld3d_stor: print coeff information                                         
 mbndry and num_area_coef              16000000                    1            
AMatbld3d_stor: *****Zero Negative Coefficients ******                          
AMatbld3d_stor: Number of 'zero' (< compress_eps) coefs         2               
AMatbld3d_stor: npoints =       24  ncoefs =        120                         
AMatbld3d_stor: Number of unique coefs =         8                              
AMatbld3d_stor: Maximum num. connections to a node =          7                 
AMatbld3d_stor: Volume min =   2.0833333E-02                                    
AMatbld3d_stor: Volume max =   8.3333333E-02                                    
AMatbld3d_stor: Total Volume:   1.0000000E+00                                   
AMatbld3d_stor: abs(Aij/xij) min =   1.6710990E-17                              
AMatbld3d_stor: abs(Aij/xij) max =   7.5000000E-01                              
AMatbld3d_stor: (Aij/xij) max =  -1.6710990E-17                                 
AMatbld3d_stor: (Aij/xij) min =  -7.5000000E-01                                 
AMatbld3d_stor Matrix coefficient values stored as scalar area/distance         
AMatbld3d_stor Matrix compression used for graph and coefficient values         
ascii STOR file written with name out_hex_3x4.stor                              
 
*** SPARSE COEFFICIENT MATRIX _astor SUCCESSFUL ***                             
 
3D Matrix Coefficient file written with name out_hex_3x4.stor                   
 
*****************                                                               
dump/pflotran/out_hex_3x4/mohex                                                 
dump/pflotran  out_hex_3x4 options set to:                                      
      ascii  scalar  filter  delatt  -notset-  nohybrid                         
 
*** Construct and Compress Sparse Matrix:3D ***                                 
   *** Compress Area Coefficient Values ***                                     
 
AMatbld3d_stor: Matrix compress_eps:  0.1000000E-07                             
AMatbld3d_stor: Local epsilon:  0.1000000E-14                                   
 
AMatbld3d_stor                                                                  
  cmo name         : mohex                                                      
  file name        : out_hex_3x4                                                
  file type option:    10 pflotran, skip 0 areas                                
  compress option :     1                                                       
  coef option     :     1                                                       
 
>> AMatbld3d_stor: initialize3ddiffusionmat                                     
 >>  neq and ntets:                    24                   36                  
 >>  compress_eps:    9.9999999392252903E-009                                   
AMatbld3d_stor: check incident tets                                             
AMatbld3d_stor: print coeff information                                         
 mbndry and num_area_coef              16000000                    1            
AMatbld3d_stor: *****Zero Negative Coefficients ******                          
AMatbld3d_stor: Number of 'zero' (< compress_eps) coefs         2               
AMatbld3d_stor: npoints =       24  ncoefs =        120                         
AMatbld3d_stor: Number of unique coefs =         8                              
AMatbld3d_stor: Maximum num. connections to a node =          7                 
PFLOTRAN total CELL nodes =           24                                        
AMatbld3d_stor: Volume min =   2.0833333E-02                                    
AMatbld3d_stor: Volume max =   8.3333333E-02                                    
AMatbld3d_stor: Total Volume:   1.0000000E+00                                   
AMatbld3d_stor: abs(Aij/xij) min =   1.6710990E-17                              
AMatbld3d_stor: abs(Aij/xij) max =   7.5000000E-01                              
AMatbld3d_stor: (Aij/xij) max =  -1.6710990E-17                                 
AMatbld3d_stor: (Aij/xij) min =  -7.5000000E-01                                 
PFLOTRAN will filter zero coefs.                                                
PFLOTRAN coefficient from matbld Aij/Xij  max  =  -1.6710990E-17                
PFLOTRAN filter = epsilon * abs(max Aij/Xij) :  1.0000000E-12  1.6710990E-17    
PFLOTRAN coefficients: epsilon for zero filter =   1.0000000E-12                
PFLOTRAN total matbld matrix coefficients   =       120                         
PFLOTRAN matrix  i>j (written)              =        48                         
PFLOTRAN matrix  i<=j (not written)        =         72                         
PFLOTRAN zero coefs < epsilon (not written) =         2                         
 
PFLOTRAN total CONNECTIONS written         =         46                         
 
PFLOTRAN Warning: ij count differs from num written.                            
PFLOTRAN coefficient  Aij min              =   4.1666667E-02                    
PFLOTRAN coefficient  Aij max              =   2.5000000E-01                    
AMatbld3d_stor Matrix coefficient values stored as scalar area/distance         
 
*** SPARSE COEFFICIENT MATRIX for PFLOTRAN SUCCESSFUL ***                       
 
3D Matrix Coefficient file written with name out_hex_3x4.uge                    
 
*****************                                                               
dump/pflotran/out_hex_3x4_0/mohex/nofilter_zero                                 
dump/pflotran  out_hex_3x4_0 options set to:                                    
      ascii  scalar  nofilter  delatt  -notset-  nohybrid                       
 
*** Construct and Compress Sparse Matrix:3D ***                                 
   *** Compress Area Coefficient Values ***                                     
 
AMatbld3d_stor: Matrix compress_eps:  0.1000000E-07                             
AMatbld3d_stor: Local epsilon:  0.1000000E-14                                   
 
AMatbld3d_stor                                                                  
  cmo name         : mohex                                                      
  file name        : out_hex_3x4_0                                              
  file type option:    12 pflotran, keep 0 areas                                
  compress option :     1                                                       
  coef option     :     1                                                       
 
>> AMatbld3d_stor: initialize3ddiffusionmat                                     
 >>  neq and ntets:                    24                   36                  
 >>  compress_eps:    9.9999999392252903E-009                                   
AMatbld3d_stor: check incident tets                                             
AMatbld3d_stor: print coeff information                                         
 mbndry and num_area_coef              16000000                    1            
AMatbld3d_stor: *****Zero Negative Coefficients ******                          
AMatbld3d_stor: Number of 'zero' (< compress_eps) coefs         2               
AMatbld3d_stor: npoints =       24  ncoefs =        120                         
AMatbld3d_stor: Number of unique coefs =         8                              
AMatbld3d_stor: Maximum num. connections to a node =          7                 
PFLOTRAN total CELL nodes =           24                                        
AMatbld3d_stor: Volume min =   2.0833333E-02                                    
AMatbld3d_stor: Volume max =   8.3333333E-02                                    
AMatbld3d_stor: Total Volume:   1.0000000E+00                                   
AMatbld3d_stor: abs(Aij/xij) min =   1.6710990E-17                              
AMatbld3d_stor: abs(Aij/xij) max =   7.5000000E-01                              
AMatbld3d_stor: (Aij/xij) max =  -1.6710990E-17                                 
AMatbld3d_stor: (Aij/xij) min =  -7.5000000E-01                                 
PFLOTRAN will not filter zero coefs.                                            
PFLOTRAN coefficient from matbld Aij/Xij  max  =  -1.6710990E-17                
PFLOTRAN total matbld matrix coefficients   =       120                         
PFLOTRAN matrix  i>j (written)              =        48                         
PFLOTRAN matrix  i<=j (not written)        =         72                         
PFLOTRAN zero coefs < epsilon    (written)  =         2                         
 
PFLOTRAN total CONNECTIONS written         =         48                         
PFLOTRAN coefficient  Aij min              =   1.8683455E-17                    
PFLOTRAN coefficient  Aij max              =   2.5000000E-01                    
AMatbld3d_stor Matrix coefficient values stored as scalar area/distance         
 
*** SPARSE COEFFICIENT MATRIX for PFLOTRAN SUCCESSFUL ***                       
 
3D Matrix Coefficient file written with name out_hex_3x4_0.uge                  
 
finish                                                                          
LaGriT successfully completed                                                   
